[      64ms] [INFO] %cDownload the React DevTools for a better development experience: https://react.dev/link/react-devtools font-weight:bold @ http://localhost:5173/node_modules/.vite/deps/react-dom_client.js?v=b6cf4376:14336
[   80495ms] [LOG] [vite] server connection lost. Polling for restart... @ http://localhost:5173/@vite/client:992
[   82914ms] [ERROR] Failed to load resource: net::ERR_CONNECTION_REFUSED @ http://localhost:5173/api/scheduler/status:0
[   82915ms] [ERROR] Error fetching scheduler status: TypeError: Failed to fetch
    at fetchSchedulerStatus (http://localhost:5173/src/App.tsx?t=1782305881910:253:22)
    at http://localhost:5173/src/App.tsx?t=1782305881910:314:5 @ http://localhost:5173/@vite/client:524
[   92908ms] [ERROR] Failed to load resource: net::ERR_CONNECTION_REFUSED @ http://localhost:5173/api/scheduler/status:0
[   92908ms] [ERROR] Error fetching scheduler status: TypeError: Failed to fetch
    at fetchSchedulerStatus (http://localhost:5173/src/App.tsx?t=1782305881910:253:22)
    at http://localhost:5173/src/App.tsx?t=1782305881910:314:5 @ http://localhost:5173/@vite/client:524
[  102916ms] [ERROR] Failed to load resource: net::ERR_CONNECTION_REFUSED @ http://localhost:5173/api/scheduler/status:0
[  102916ms] [ERROR] Error fetching scheduler status: TypeError: Failed to fetch
    at fetchSchedulerStatus (http://localhost:5173/src/App.tsx?t=1782305881910:253:22)
    at http://localhost:5173/src/App.tsx?t=1782305881910:314:5 @ http://localhost:5173/@vite/client:524
[  112913ms] [ERROR] Failed to load resource: net::ERR_CONNECTION_REFUSED @ http://localhost:5173/api/scheduler/status:0
[  112913ms] [ERROR] Error fetching scheduler status: TypeError: Failed to fetch
    at fetchSchedulerStatus (http://localhost:5173/src/App.tsx?t=1782305881910:253:22)
    at http://localhost:5173/src/App.tsx?t=1782305881910:314:5 @ http://localhost:5173/@vite/client:524
[  122908ms] [ERROR] Failed to load resource: net::ERR_CONNECTION_REFUSED @ http://localhost:5173/api/scheduler/status:0
[  122908ms] [ERROR] Error fetching scheduler status: TypeError: Failed to fetch
    at fetchSchedulerStatus (http://localhost:5173/src/App.tsx?t=1782305881910:253:22)
    at http://localhost:5173/src/App.tsx?t=1782305881910:314:5 @ http://localhost:5173/@vite/client:524
[  132911ms] [ERROR] Failed to load resource: net::ERR_CONNECTION_REFUSED @ http://localhost:5173/api/scheduler/status:0
[  132911ms] [ERROR] Error fetching scheduler status: TypeError: Failed to fetch
    at fetchSchedulerStatus (http://localhost:5173/src/App.tsx?t=1782305881910:253:22)
    at http://localhost:5173/src/App.tsx?t=1782305881910:314:5 @ http://localhost:5173/@vite/client:524
[  142920ms] [ERROR] Failed to load resource: net::ERR_CONNECTION_REFUSED @ http://localhost:5173/api/scheduler/status:0
[  142920ms] [ERROR] Error fetching scheduler status: TypeError: Failed to fetch
    at fetchSchedulerStatus (http://localhost:5173/src/App.tsx?t=1782305881910:253:22)
    at http://localhost:5173/src/App.tsx?t=1782305881910:314:5 @ http://localhost:5173/@vite/client:524
[  152910ms] [ERROR] Failed to load resource: net::ERR_CONNECTION_REFUSED @ http://localhost:5173/api/scheduler/status:0
[  152910ms] [ERROR] Error fetching scheduler status: TypeError: Failed to fetch
    at fetchSchedulerStatus (http://localhost:5173/src/App.tsx?t=1782305881910:253:22)
    at http://localhost:5173/src/App.tsx?t=1782305881910:314:5 @ http://localhost:5173/@vite/client:524
[  162911ms] [ERROR] Failed to load resource: net::ERR_CONNECTION_REFUSED @ http://localhost:5173/api/scheduler/status:0
[  162911ms] [ERROR] Error fetching scheduler status: TypeError: Failed to fetch
    at fetchSchedulerStatus (http://localhost:5173/src/App.tsx?t=1782305881910:253:22)
    at http://localhost:5173/src/App.tsx?t=1782305881910:314:5 @ http://localhost:5173/@vite/client:524
[  172926ms] [ERROR] Failed to load resource: net::ERR_CONNECTION_REFUSED @ http://localhost:5173/api/scheduler/status:0
[  172926ms] [ERROR] Error fetching scheduler status: TypeError: Failed to fetch
    at fetchSchedulerStatus (http://localhost:5173/src/App.tsx?t=1782305881910:253:22)
    at http://localhost:5173/src/App.tsx?t=1782305881910:314:5 @ http://localhost:5173/@vite/client:524
[  182916ms] [ERROR] Failed to load resource: net::ERR_CONNECTION_REFUSED @ http://localhost:5173/api/scheduler/status:0
[  182916ms] [ERROR] Error fetching scheduler status: TypeError: Failed to fetch
    at fetchSchedulerStatus (http://localhost:5173/src/App.tsx?t=1782305881910:253:22)
    at http://localhost:5173/src/App.tsx?t=1782305881910:314:5 @ http://localhost:5173/@vite/client:524
[  192923ms] [ERROR] Failed to load resource: net::ERR_CONNECTION_REFUSED @ http://localhost:5173/api/scheduler/status:0
[  192923ms] [ERROR] Error fetching scheduler status: TypeError: Failed to fetch
    at fetchSchedulerStatus (http://localhost:5173/src/App.tsx?t=1782305881910:253:22)
    at http://localhost:5173/src/App.tsx?t=1782305881910:314:5 @ http://localhost:5173/@vite/client:524
[  202927ms] [ERROR] Failed to load resource: net::ERR_CONNECTION_REFUSED @ http://localhost:5173/api/scheduler/status:0
[  202927ms] [ERROR] Error fetching scheduler status: TypeError: Failed to fetch
    at fetchSchedulerStatus (http://localhost:5173/src/App.tsx?t=1782305881910:253:22)
    at http://localhost:5173/src/App.tsx?t=1782305881910:314:5 @ http://localhost:5173/@vite/client:524
[  212926ms] [ERROR] Failed to load resource: net::ERR_CONNECTION_REFUSED @ http://localhost:5173/api/scheduler/status:0
[  212926ms] [ERROR] Error fetching scheduler status: TypeError: Failed to fetch
    at fetchSchedulerStatus (http://localhost:5173/src/App.tsx?t=1782305881910:253:22)
    at http://localhost:5173/src/App.tsx?t=1782305881910:314:5 @ http://localhost:5173/@vite/client:524
[  222931ms] [ERROR] Failed to load resource: net::ERR_CONNECTION_REFUSED @ http://localhost:5173/api/scheduler/status:0
[  222931ms] [ERROR] Error fetching scheduler status: TypeError: Failed to fetch
    at fetchSchedulerStatus (http://localhost:5173/src/App.tsx?t=1782305881910:253:22)
    at http://localhost:5173/src/App.tsx?t=1782305881910:314:5 @ http://localhost:5173/@vite/client:524
[  232919ms] [ERROR] Failed to load resource: net::ERR_CONNECTION_REFUSED @ http://localhost:5173/api/scheduler/status:0
[  232920ms] [ERROR] Error fetching scheduler status: TypeError: Failed to fetch
    at fetchSchedulerStatus (http://localhost:5173/src/App.tsx?t=1782305881910:253:22)
    at http://localhost:5173/src/App.tsx?t=1782305881910:314:5 @ http://localhost:5173/@vite/client:524
[  242908ms] [ERROR] Failed to load resource: net::ERR_CONNECTION_REFUSED @ http://localhost:5173/api/scheduler/status:0
[  242908ms] [ERROR] Error fetching scheduler status: TypeError: Failed to fetch
    at fetchSchedulerStatus (http://localhost:5173/src/App.tsx?t=1782305881910:253:22)
    at http://localhost:5173/src/App.tsx?t=1782305881910:314:5 @ http://localhost:5173/@vite/client:524
[  252915ms] [ERROR] Failed to load resource: net::ERR_CONNECTION_REFUSED @ http://localhost:5173/api/scheduler/status:0
[  252916ms] [ERROR] Error fetching scheduler status: TypeError: Failed to fetch
    at fetchSchedulerStatus (http://localhost:5173/src/App.tsx?t=1782305881910:253:22)
    at http://localhost:5173/src/App.tsx?t=1782305881910:314:5 @ http://localhost:5173/@vite/client:524
